--- test/resources/numeric_and_formula.xls!Sheet1
+++ test/resources/numeric_and_formula.ods!Sheet1
@@ -A1,B1 +A1,B1 @@
-
-
+
+
@@ -B2 +B2 @@
-A2+1
+of:=[.A2]+1
@@ -B3 +B3 @@
-A3+1
+of:=[.A3]+1
