--- test\resources\ss1.ods!Sheet1
+++ test\resources\ss2.ods!Sheet1
@@ -A2,B2 +A2,B2 @@
-
-b2
+a2
+
@@ -C3 +C3 @@
-c3
+c33
