--- test\resources\ss3.xlsx!Sheet1
+++ test\resources\ss3.ods!Sheet1
@@ -A1 +A1 @@
-a1
+a11
@@ -C3 +C3 @@
-c3
+c33
