--- src/test/resources/numeric_and_formula.ods!Sheet1
+++ src/test/resources/numeric_and_formula.xlsx!Sheet1
@@ -A1,B1 +A1,B1 @@
-
-
+
+
