--- src/test/resources/ss1.xlsx!Sheet1
+++ src/test/resources/ss2.xlsx!Sheet1
@@ -A2,B2 +A2,B2 @@
-
-b2
+a2
+
@@ -C3 +C3 @@
-c3
+c33